matmul_naive
N                   = 512 x 512
Matrix bytes        = 1.000 MiB each
Block dim           = 16 x 16
Grid dim            = 32 x 32
Warm-up launches    = 3
Iterations          = 20

Min kernel time     = 0.609 ms
Max kernel time     = 0.621 ms
Average kernel time = 0.614 ms
Achieved throughput = 436.875 GFLOP/s
Result              = PASS
N                   = 1024 x 1024
Matrix bytes        = 4.000 MiB each
Block dim           = 16 x 16
Grid dim            = 64 x 64
Warm-up launches    = 3
Iterations          = 20

Min kernel time     = 4.733 ms
Max kernel time     = 4.825 ms
Average kernel time = 4.792 ms
Achieved throughput = 448.103 GFLOP/s
Result              = PASS
N                   = 2048 x 2048
Matrix bytes        = 16.000 MiB each
Block dim           = 16 x 16
Grid dim            = 128 x 128
Warm-up launches    = 3
Iterations          = 10

Min kernel time     = 38.626 ms
Max kernel time     = 39.327 ms
Average kernel time = 39.023 ms
Achieved throughput = 440.248 GFLOP/s

matmul_tiled

N                   = 512 x 512
Matrix bytes        = 1.000 MiB each
Block dim           = 16 x 16
Grid dim            = 32 x 32
Shared memory/block = 2.000 KiB
Warm-up launches    = 3
Iterations          = 20

Min kernel time     = 0.278 ms
Max kernel time     = 0.285 ms
Average kernel time = 0.280 ms
Achieved throughput = 960.037 GFLOP/s
Result              = PASS
N                   = 1024 x 1024
Matrix bytes        = 4.000 MiB each
Block dim           = 16 x 16
Grid dim            = 64 x 64
Shared memory/block = 2.000 KiB
Warm-up launches    = 3
Iterations          = 20

Min kernel time     = 2.129 ms
Max kernel time     = 2.141 ms
Average kernel time = 2.133 ms
Achieved throughput = 1006.580 GFLOP/s
Result              = PASS
N                   = 2048 x 2048
Matrix bytes        = 16.000 MiB each
Block dim           = 16 x 16
Grid dim            = 128 x 128
Shared memory/block = 2.000 KiB
Warm-up launches    = 3
Iterations          = 20

Min kernel time     = 17.040 ms
Max kernel time     = 19.557 ms
Average kernel time = 17.968 ms
Achieved throughput = 956.163 GFLOP/s
Result              = PASS
matmul_tile_sweep
N                   = 1024 x 1024
Matrix bytes        = 4.000 MiB each
Warm-up launches    = 3
Iterations          = 20

Tile dim            = 8
Threads/block       = 64
Grid dim            = 128 x 128
Shared memory/block = 0.500 KiB
Min kernel time     = 2.943 ms
Max kernel time     = 3.193 ms
Average kernel time = 2.976 ms
Achieved throughput = 721.548 GFLOP/s
Result              = PASS

Tile dim            = 16
Threads/block       = 256
Grid dim            = 64 x 64
Shared memory/block = 2.000 KiB
Min kernel time     = 2.222 ms
Max kernel time     = 2.522 ms
Average kernel time = 2.369 ms
Achieved throughput = 906.614 GFLOP/s
Result              = PASS

Tile dim            = 32
Threads/block       = 1024
Grid dim            = 32 x 32
Shared memory/block = 8.000 KiB
Min kernel time     = 2.127 ms
Max kernel time     = 2.212 ms
Average kernel time = 2.160 ms
Achieved throughput = 994.135 GFLOP/s
Result              = PASS

matmul_register_blocking
N                   = 1024 x 1024
Matrix bytes        = 4.000 MiB each
Tile dim            = 16
Outputs/thread      = 2
Block dim           = 16 x 16
Grid dim            = 32 x 64
Shared memory/block = 3.000 KiB
Warm-up launches    = 3
Iterations          = 20

Min kernel time     = 1.559 ms
Max kernel time     = 1.574 ms
Average kernel time = 1.564 ms
Achieved throughput = 1373.441 GFLOP/s
Result              = PASS
matmul_memory_layout
N                   = 1024 x 1024
Matrix bytes        = 4.000 MiB each
Block dim           = 16 x 16
Grid dim            = 64 x 64
Warm-up launches    = 3
Iterations          = 20

Kernel variant      = normal_b
Min kernel time     = 4.887 ms
Max kernel time     = 4.963 ms
Average kernel time = 4.927 ms
Achieved throughput = 435.837 GFLOP/s
Result              = PASS

Kernel variant      = transposed_b
Min kernel time     = 17.187 ms
Max kernel time     = 20.246 ms
Average kernel time = 18.258 ms
Achieved throughput = 117.619 GFLOP/s
Result              = PASS

matmul_cublas
N                   = 1024 x 1024
Matrix bytes        = 4.000 MiB each
Tile dim            = 16
Block dim           = 16 x 16
Grid dim            = 64 x 64
Shared memory/block = 2.000 KiB
Warm-up launches    = 3
Iterations          = 20

Kernel              = custom_tiled
Min kernel time     = 2.118 ms
Max kernel time     = 2.141 ms
Average kernel time = 2.125 ms
Achieved throughput = 1010.346 GFLOP/s
Result              = PASS

Kernel              = cublasSgemm
Min kernel time     = 0.274 ms
Max kernel time     = 0.299 ms
Average kernel time = 0.284 ms
Achieved throughput = 7559.304 GFLOP/s
Result              = PASS

